     1                                  section mbr  vstart=0x7c00
     2                                  
     3                                  ;清屏
     4 00000000 B80300                  mov ax,3
     5 00000003 CD10                    int 0x10
     6                                  
     7                                  ;初始化寄存器
     8 00000005 8CC8                    mov ax,cs
     9 00000007 89C2                    mov dx,ax
    10 00000009 8ED8                    mov ds,ax
    11 0000000B 8EC0                    mov es,ax
    12 0000000D 8ED0                    mov ss,ax
    13 0000000F 8EE0                    mov fs,ax
    14 00000011 BC007C                  mov sp,0x7c00
    15                                  
    16                                  
    17                                  
    18 00000014 626F6F6F6F6F6F6F74      message db "booooooot"
    19 0000001D B8[1400]                mov ax,message
    20 00000020 89C5                    mov bp,ax
    21                                  
    22 00000022 B90900                  mov cx,9
    23 00000025 B80113                  mov ax,0x1301
    24 00000028 BB0200                  mov bx, 0x02
    25                                  
    26 0000002B CD10                    int 0x10
    27                                  
    28 0000002D EBFE                    jmp $
    29                                  
    30                                  
    31                                  
    32 0000002F 00<rep 1CFh>            times 510-($-$$) db 0
    33                                  
    34 000001FE 55                      db 0x55
    35 000001FF AA                      db 0xaa
    36                                  
